<rss version="2.0"><channel><title>First sphinxfeed tester</title><link>http://news.example.com</link><description /><language>en</language><copyright>2018 Joe Doe</copyright></channel></rss>